[Test] Starting patient matching test...
[Test] Environment loaded
[Test] Clients imported
[Test] Services imported
[Main] Script starting...
================================================================================
PATIENT MATCHING TEST - Using Qdrant Database
================================================================================

[Setup] Connecting to Qdrant at https://ffbfc406-406a-4f3a-a0e4-8e3fa754d378.us-east4-0.gcp.cloud.qdrant.io...
[Setup] Collection: exueed_kb_latest
[Setup] Collection has 116338 points
[Setup] Connecting to OpenAI...
[Setup] Initializing PatientMatchingService...

------------------------------------------------------------
Testing: Oral Tongue SCC - Recurrent, ICI Progression
------------------------------------------------------------
Profile: {'cancer_type': 'Squamous Cell Carcinoma', 'anatomical_site': 'oral tongue', 'cancer_stage': 'recurrent', 'age': 80, 'gender': 'male', 'molecular_markers': ['CPS 100'], 'prior_treatments': ['glossectomy', 'neck dissection', 'pembrolizumab'], 'performance_status': '2', 'comorbidities': ['HTN', 'Hep C', 'BPH', 'CKD', 'prior colon adenocarcinoma'], 'disease_status': 'progressing on ICI, metastatic to right ventricle'}
[Patient Matching] Built query: clinical studies enrolling patients with: oral tongue squamous cell carcinoma patients, elderly patients 65 years or older, male patients, stage recurrent cancer, molecular markers CPS 100, ECOG perfo...
[Patient Matching] Category filter: h&n_processed_documents
[Patient Matching] STRICT MODE: Category filter 'h&n_processed_documents' is MANDATORY (site: oral tongue)
[Patient Matching] Searching with category variants: ['h&n_processed_documents', 'h&n', 'H&N', 'H&n', 'H&N_processed_documents']
[Patient Matching] Found 50 search results
Loading cross-encoder model...
Loading weights:   0%|          | 0/105 [00:00<?, ?it/s]Loading weights:   1%|          | 1/105 [00:00<00:00, 2681.78it/s, Materializing param=bert.embeddings.LayerNorm.bias]Loading weights:   1%|          | 1/105 [00:00<00:00, 853.19it/s, Materializing param=bert.embeddings.LayerNorm.bias] Loading weights:   2%|▏         | 2/105 [00:00<00:00, 823.70it/s, Materializing param=bert.embeddings.LayerNorm.weight]Loading weights:   2%|▏         | 2/105 [00:00<00:00, 780.63it/s, Materializing param=bert.embeddings.LayerNorm.weight]Loading weights:   3%|▎         | 3/105 [00:00<00:00, 853.02it/s, Materializing param=bert.embeddings.position_embeddings.weight]Loading weights:   3%|▎         | 3/105 [00:00<00:00, 803.20it/s, Materializing param=bert.embeddings.position_embeddings.weight]Loading weights:   4%|▍         | 4/105 [00:00<00:00, 739.51it/s, Materializing param=bert.embeddings.token_type_embeddings.weight]Loading weights:   4%|▍         | 4/105 [00:00<00:00, 654.57it/s, Materializing param=bert.embeddings.token_type_embeddings.weight]Loading weights:   5%|▍         | 5/105 [00:00<00:00, 679.35it/s, Materializing param=bert.embeddings.word_embeddings.weight]      Loading weights:   5%|▍         | 5/105 [00:00<00:00, 622.73it/s, Materializing param=bert.embeddings.word_embeddings.weight]Loading weights:   6%|▌         | 6/105 [00:00<00:00, 633.84it/s, Materializing param=bert.encoder.layer.0.attention.output.LayerNorm.bias]Loading weights:   6%|▌         | 6/105 [00:00<00:00, 610.88it/s, Materializing param=bert.encoder.layer.0.attention.output.LayerNorm.bias]Loading weights:   7%|▋         | 7/105 [00:00<00:00, 627.41it/s, Materializing param=bert.encoder.layer.0.attention.output.LayerNorm.weight]Loading weights:   7%|▋         | 7/105 [00:00<00:00, 526.38it/s, Materializing param=bert.encoder.layer.0.attention.output.LayerNorm.weight]Loading weights:   8%|▊         | 8/105 [00:00<00:00, 550.39it/s, Materializing param=bert.encoder.layer.0.attention.output.dense.bias]      Loading weights:   8%|▊         | 8/105 [00:00<00:00, 543.48it/s, Materializing param=bert.encoder.layer.0.attention.output.dense.bias]Loading weights:   9%|▊         | 9/105 [00:00<00:00, 481.41it/s, Materializing param=bert.encoder.layer.0.attention.output.dense.weight]Loading weights:   9%|▊         | 9/105 [00:00<00:00, 471.55it/s, Materializing param=bert.encoder.layer.0.attention.output.dense.weight]Loading weights:  10%|▉         | 10/105 [00:00<00:00, 479.20it/s, Materializing param=bert.encoder.layer.0.attention.self.key.bias]     Loading weights:  10%|▉         | 10/105 [00:00<00:00, 462.53it/s, Materializing param=bert.encoder.layer.0.attention.self.key.bias]Loading weights:  10%|█         | 11/105 [00:00<00:00, 496.90it/s, Materializing param=bert.encoder.layer.0.attention.self.key.weight]Loading weights:  10%|█         | 11/105 [00:00<00:00, 494.20it/s, Materializing param=bert.encoder.layer.0.attention.self.key.weight]Loading weights:  11%|█▏        | 12/105 [00:00<00:00, 534.40it/s, Materializing param=bert.encoder.layer.0.attention.self.query.bias]Loading weights:  11%|█▏        | 12/105 [00:00<00:00, 532.24it/s, Materializing param=bert.encoder.layer.0.attention.self.query.bias]Loading weights:  12%|█▏        | 13/105 [00:00<00:00, 572.21it/s, Materializing param=bert.encoder.layer.0.attention.self.query.weight]Loading weights:  12%|█▏        | 13/105 [00:00<00:00, 569.82it/s, Materializing param=bert.encoder.layer.0.attention.self.query.weight]Loading weights:  13%|█▎        | 14/105 [00:00<00:00, 608.96it/s, Materializing param=bert.encoder.layer.0.attention.self.value.bias]  Loading weights:  13%|█▎        | 14/105 [00:00<00:00, 606.66it/s, Materializing param=bert.encoder.layer.0.attention.self.value.bias]Loading weights:  14%|█▍        | 15/105 [00:00<00:00, 645.38it/s, Materializing param=bert.encoder.layer.0.attention.self.value.weight]Loading weights:  14%|█▍        | 15/105 [00:00<00:00, 642.64it/s, Materializing param=bert.encoder.layer.0.attention.self.value.weight]Loading weights:  15%|█▌        | 16/105 [00:00<00:00, 673.89it/s, Materializing param=bert.encoder.layer.0.intermediate.dense.bias]    Loading weights:  15%|█▌        | 16/105 [00:00<00:00, 670.44it/s, Materializing param=bert.encoder.layer.0.intermediate.dense.bias]Loading weights:  16%|█▌        | 17/105 [00:00<00:00, 706.03it/s, Materializing param=bert.encoder.layer.0.intermediate.dense.weight]Loading weights:  16%|█▌        | 17/105 [00:00<00:00, 703.43it/s, Materializing param=bert.encoder.layer.0.intermediate.dense.weight]Loading weights:  17%|█▋        | 18/105 [00:00<00:00, 739.74it/s, Materializing param=bert.encoder.layer.0.output.LayerNorm.bias]    Loading weights:  17%|█▋        | 18/105 [00:00<00:00, 737.19it/s, Materializing param=bert.encoder.layer.0.output.LayerNorm.bias]Loading weights:  18%|█▊        | 19/105 [00:00<00:00, 772.70it/s, Materializing param=bert.encoder.layer.0.output.LayerNorm.weight]Loading weights:  18%|█▊        | 19/105 [00:00<00:00, 770.13it/s, Materializing param=bert.encoder.layer.0.output.LayerNorm.weight]Loading weights:  19%|█▉        | 20/105 [00:00<00:00, 805.61it/s, Materializing param=bert.encoder.layer.0.output.dense.bias]      Loading weights:  19%|█▉        | 20/105 [00:00<00:00, 802.98it/s, Materializing param=bert.encoder.layer.0.output.dense.bias]Loading weights:  20%|██        | 21/105 [00:00<00:00, 837.88it/s, Materializing param=bert.encoder.layer.0.output.dense.weight]Loading weights:  20%|██        | 21/105 [00:00<00:00, 835.19it/s, Materializing param=bert.encoder.layer.0.output.dense.weight]Loading weights:  21%|██        | 22/105 [00:00<00:00, 869.70it/s, Materializing param=bert.encoder.layer.1.attention.output.LayerNorm.bias]Loading weights:  21%|██        | 22/105 [00:00<00:00, 866.85it/s, Materializing param=bert.encoder.layer.1.attention.output.LayerNorm.bias]Loading weights:  22%|██▏       | 23/105 [00:00<00:00, 900.12it/s, Materializing param=bert.encoder.layer.1.attention.output.LayerNorm.weight]Loading weights:  22%|██▏       | 23/105 [00:00<00:00, 897.24it/s, Materializing param=bert.encoder.layer.1.attention.output.LayerNorm.weight]Loading weights:  23%|██▎       | 24/105 [00:00<00:00, 930.66it/s, Materializing param=bert.encoder.layer.1.attention.output.dense.bias]      Loading weights:  23%|██▎       | 24/105 [00:00<00:00, 927.54it/s, Materializing param=bert.encoder.layer.1.attention.output.dense.bias]Loading weights:  24%|██▍       | 25/105 [00:00<00:00, 953.24it/s, Materializing param=bert.encoder.layer.1.attention.output.dense.weight]Loading weights:  24%|██▍       | 25/105 [00:00<00:00, 949.20it/s, Materializing param=bert.encoder.layer.1.attention.output.dense.weight]Loading weights:  25%|██▍       | 26/105 [00:00<00:00, 979.73it/s, Materializing param=bert.encoder.layer.1.attention.self.key.bias]      Loading weights:  25%|██▍       | 26/105 [00:00<00:00, 976.12it/s, Materializing param=bert.encoder.layer.1.attention.self.key.bias]Loading weights:  26%|██▌       | 27/105 [00:00<00:00, 995.64it/s, Materializing param=bert.encoder.layer.1.attention.self.key.weight]Loading weights:  26%|██▌       | 27/105 [00:00<00:00, 969.17it/s, Materializing param=bert.encoder.layer.1.attention.self.key.weight]Loading weights:  27%|██▋       | 28/105 [00:00<00:00, 959.32it/s, Materializing param=bert.encoder.layer.1.attention.self.query.bias]Loading weights:  27%|██▋       | 28/105 [00:00<00:00, 943.81it/s, Materializing param=bert.encoder.layer.1.attention.self.query.bias]Loading weights:  28%|██▊       | 29/105 [00:00<00:00, 954.29it/s, Materializing param=bert.encoder.layer.1.attention.self.query.weight]Loading weights:  28%|██▊       | 29/105 [00:00<00:00, 950.35it/s, Materializing param=bert.encoder.layer.1.attention.self.query.weight]Loading weights:  29%|██▊       | 30/105 [00:00<00:00, 976.71it/s, Materializing param=bert.encoder.layer.1.attention.self.value.bias]  Loading weights:  29%|██▊       | 30/105 [00:00<00:00, 973.52it/s, Materializing param=bert.encoder.layer.1.attention.self.value.bias]Loading weights:  30%|██▉       | 31/105 [00:00<00:00, 995.70it/s, Materializing param=bert.encoder.layer.1.attention.self.value.weight]Loading weights:  30%|██▉       | 31/105 [00:00<00:00, 992.48it/s, Materializing param=bert.encoder.layer.1.attention.self.value.weight]Loading weights:  30%|███       | 32/105 [00:00<00:00, 1017.12it/s, Materializing param=bert.encoder.layer.1.intermediate.dense.bias]   Loading weights:  30%|███       | 32/105 [00:00<00:00, 1013.61it/s, Materializing param=bert.encoder.layer.1.intermediate.dense.bias]Loading weights:  31%|███▏      | 33/105 [00:00<00:00, 1032.93it/s, Materializing param=bert.encoder.layer.1.intermediate.dense.weight]Loading weights:  31%|███▏      | 33/105 [00:00<00:00, 1029.38it/s, Materializing param=bert.encoder.layer.1.intermediate.dense.weight]Loading weights:  32%|███▏      | 34/105 [00:00<00:00, 1052.63it/s, Materializing param=bert.encoder.layer.1.output.LayerNorm.bias]    Loading weights:  32%|███▏      | 34/105 [00:00<00:00, 1049.15it/s, Materializing param=bert.encoder.layer.1.output.LayerNorm.bias]Loading weights:  33%|███▎      | 35/105 [00:00<00:00, 1072.17it/s, Materializing param=bert.encoder.layer.1.output.LayerNorm.weight]Loading weights:  33%|███▎      | 35/105 [00:00<00:00, 1069.06it/s, Materializing param=bert.encoder.layer.1.output.LayerNorm.weight]Loading weights:  34%|███▍      | 36/105 [00:00<00:00, 1092.20it/s, Materializing param=bert.encoder.layer.1.output.dense.bias]      Loading weights:  34%|███▍      | 36/105 [00:00<00:00, 1088.86it/s, Materializing param=bert.encoder.layer.1.output.dense.bias]Loading weights:  35%|███▌      | 37/105 [00:00<00:00, 1113.22it/s, Materializing param=bert.encoder.layer.1.output.dense.weight]Loading weights:  35%|███▌      | 37/105 [00:00<00:00, 1110.24it/s, Materializing param=bert.encoder.layer.1.output.dense.weight]Loading weights:  36%|███▌      | 38/105 [00:00<00:00, 1134.83it/s, Materializing param=bert.encoder.layer.2.attention.output.LayerNorm.bias]Loading weights:  36%|███▌      | 38/105 [00:00<00:00, 1131.78it/s, Materializing param=bert.encoder.layer.2.attention.output.LayerNorm.bias]Loading weights:  37%|███▋      | 39/105 [00:00<00:00, 1155.31it/s, Materializing param=bert.encoder.layer.2.attention.output.LayerNorm.weight]Loading weights:  37%|███▋      | 39/105 [00:00<00:00, 1152.35it/s, Materializing param=bert.encoder.layer.2.attention.output.LayerNorm.weight]Loading weights:  38%|███▊      | 40/105 [00:00<00:00, 1176.05it/s, Materializing param=bert.encoder.layer.2.attention.output.dense.bias]      Loading weights:  38%|███▊      | 40/105 [00:00<00:00, 1173.19it/s, Materializing param=bert.encoder.layer.2.attention.output.dense.bias]Loading weights:  39%|███▉      | 41/105 [00:00<00:00, 1196.83it/s, Materializing param=bert.encoder.layer.2.attention.output.dense.weight]Loading weights:  39%|███▉      | 41/105 [00:00<00:00, 1193.81it/s, Materializing param=bert.encoder.layer.2.attention.output.dense.weight]Loading weights:  40%|████      | 42/105 [00:00<00:00, 1217.11it/s, Materializing param=bert.encoder.layer.2.attention.self.key.bias]      Loading weights:  40%|████      | 42/105 [00:00<00:00, 1214.16it/s, Materializing param=bert.encoder.layer.2.attention.self.key.bias]Loading weights:  41%|████      | 43/105 [00:00<00:00, 1236.99it/s, Materializing param=bert.encoder.layer.2.attention.self.key.weight]Loading weights:  41%|████      | 43/105 [00:00<00:00, 1234.03it/s, Materializing param=bert.encoder.layer.2.attention.self.key.weight]Loading weights:  42%|████▏     | 44/105 [00:00<00:00, 1254.49it/s, Materializing param=bert.encoder.layer.2.attention.self.query.bias]Loading weights:  42%|████▏     | 44/105 [00:00<00:00, 1250.64it/s, Materializing param=bert.encoder.layer.2.attention.self.query.bias]Loading weights:  43%|████▎     | 45/105 [00:00<00:00, 1272.05it/s, Materializing param=bert.encoder.layer.2.attention.self.query.weight]Loading weights:  43%|████▎     | 45/105 [00:00<00:00, 1268.82it/s, Materializing param=bert.encoder.layer.2.attention.self.query.weight]Loading weights:  44%|████▍     | 46/105 [00:00<00:00, 1288.81it/s, Materializing param=bert.encoder.layer.2.attention.self.value.bias]  Loading weights:  44%|████▍     | 46/105 [00:00<00:00, 1284.76it/s, Materializing param=bert.encoder.layer.2.attention.self.value.bias]Loading weights:  45%|████▍     | 47/105 [00:00<00:00, 1299.45it/s, Materializing param=bert.encoder.layer.2.attention.self.value.weight]Loading weights:  45%|████▍     | 47/105 [00:00<00:00, 1293.16it/s, Materializing param=bert.encoder.layer.2.attention.self.value.weight]Loading weights:  46%|████▌     | 48/105 [00:00<00:00, 1305.91it/s, Materializing param=bert.encoder.layer.2.intermediate.dense.bias]    Loading weights:  46%|████▌     | 48/105 [00:00<00:00, 1300.14it/s, Materializing param=bert.encoder.layer.2.intermediate.dense.bias]Loading weights:  47%|████▋     | 49/105 [00:00<00:00, 1313.42it/s, Materializing param=bert.encoder.layer.2.intermediate.dense.weight]Loading weights:  47%|████▋     | 49/105 [00:00<00:00, 1305.86it/s, Materializing param=bert.encoder.layer.2.intermediate.dense.weight]Loading weights:  48%|████▊     | 50/105 [00:00<00:00, 1308.66it/s, Materializing param=bert.encoder.layer.2.output.LayerNorm.bias]    Loading weights:  48%|████▊     | 50/105 [00:00<00:00, 1299.75it/s, Materializing param=bert.encoder.layer.2.output.LayerNorm.bias]Loading weights:  49%|████▊     | 51/105 [00:00<00:00, 1313.25it/s, Materializing param=bert.encoder.layer.2.output.LayerNorm.weight]Loading weights:  49%|████▊     | 51/105 [00:00<00:00, 1309.67it/s, Materializing param=bert.encoder.layer.2.output.LayerNorm.weight]Loading weights:  50%|████▉     | 52/105 [00:00<00:00, 1323.42it/s, Materializing param=bert.encoder.layer.2.output.dense.bias]      Loading weights:  50%|████▉     | 52/105 [00:00<00:00, 1319.86it/s, Materializing param=bert.encoder.layer.2.output.dense.bias]Loading weights:  50%|█████     | 53/105 [00:00<00:00, 1338.99it/s, Materializing param=bert.encoder.layer.2.output.dense.weight]Loading weights:  50%|█████     | 53/105 [00:00<00:00, 1335.65it/s, Materializing param=bert.encoder.layer.2.output.dense.weight]Loading weights:  51%|█████▏    | 54/105 [00:00<00:00, 1354.40it/s, Materializing param=bert.encoder.layer.3.attention.output.LayerNorm.bias]Loading weights:  51%|█████▏    | 54/105 [00:00<00:00, 1350.98it/s, Materializing param=bert.encoder.layer.3.attention.output.LayerNorm.bias]Loading weights:  52%|█████▏    | 55/105 [00:00<00:00, 1365.10it/s, Materializing param=bert.encoder.layer.3.attention.output.LayerNorm.weight]Loading weights:  52%|█████▏    | 55/105 [00:00<00:00, 1361.79it/s, Materializing param=bert.encoder.layer.3.attention.output.LayerNorm.weight]Loading weights:  53%|█████▎    | 56/105 [00:00<00:00, 1379.71it/s, Materializing param=bert.encoder.layer.3.attention.output.dense.bias]      Loading weights:  53%|█████▎    | 56/105 [00:00<00:00, 1376.70it/s, Materializing param=bert.encoder.layer.3.attention.output.dense.bias]Loading weights:  54%|█████▍    | 57/105 [00:00<00:00, 1394.36it/s, Materializing param=bert.encoder.layer.3.attention.output.dense.weight]Loading weights:  54%|█████▍    | 57/105 [00:00<00:00, 1384.90it/s, Materializing param=bert.encoder.layer.3.attention.output.dense.weight]Loading weights:  55%|█████▌    | 58/105 [00:00<00:00, 1394.86it/s, Materializing param=bert.encoder.layer.3.attention.self.key.bias]      Loading weights:  55%|█████▌    | 58/105 [00:00<00:00, 1389.25it/s, Materializing param=bert.encoder.layer.3.attention.self.key.bias]Loading weights:  56%|█████▌    | 59/105 [00:00<00:00, 1398.13it/s, Materializing param=bert.encoder.layer.3.attention.self.key.weight]Loading weights:  56%|█████▌    | 59/105 [00:00<00:00, 1393.97it/s, Materializing param=bert.encoder.layer.3.attention.self.key.weight]Loading weights:  57%|█████▋    | 60/105 [00:00<00:00, 1403.37it/s, Materializing param=bert.encoder.layer.3.attention.self.query.bias]Loading weights:  57%|█████▋    | 60/105 [00:00<00:00, 1399.45it/s, Materializing param=bert.encoder.layer.3.attention.self.query.bias]Loading weights:  58%|█████▊    | 61/105 [00:00<00:00, 1410.27it/s, Materializing param=bert.encoder.layer.3.attention.self.query.weight]Loading weights:  58%|█████▊    | 61/105 [00:00<00:00, 1391.52it/s, Materializing param=bert.encoder.layer.3.attention.self.query.weight]Loading weights:  59%|█████▉    | 62/105 [00:00<00:00, 1364.85it/s, Materializing param=bert.encoder.layer.3.attention.self.value.bias]  Loading weights:  59%|█████▉    | 62/105 [00:00<00:00, 1356.86it/s, Materializing param=bert.encoder.layer.3.attention.self.value.bias]Loading weights:  60%|██████    | 63/105 [00:00<00:00, 1345.49it/s, Materializing param=bert.encoder.layer.3.attention.self.value.weight]Loading weights:  60%|██████    | 63/105 [00:00<00:00, 1336.41it/s, Materializing param=bert.encoder.layer.3.attention.self.value.weight]Loading weights:  61%|██████    | 64/105 [00:00<00:00, 1345.75it/s, Materializing param=bert.encoder.layer.3.intermediate.dense.bias]    Loading weights:  61%|██████    | 64/105 [00:00<00:00, 1341.41it/s, Materializing param=bert.encoder.layer.3.intermediate.dense.bias]Loading weights:  62%|██████▏   | 65/105 [00:00<00:00, 1354.14it/s, Materializing param=bert.encoder.layer.3.intermediate.dense.weight]Loading weights:  62%|██████▏   | 65/105 [00:00<00:00, 1343.94it/s, Materializing param=bert.encoder.layer.3.intermediate.dense.weight]Loading weights:  63%|██████▎   | 66/105 [00:00<00:00, 1349.63it/s, Materializing param=bert.encoder.layer.3.output.LayerNorm.bias]    Loading weights:  63%|██████▎   | 66/105 [00:00<00:00, 1346.28it/s, Materializing param=bert.encoder.layer.3.output.LayerNorm.bias]Loading weights:  64%|██████▍   | 67/105 [00:00<00:00, 1360.59it/s, Materializing param=bert.encoder.layer.3.output.LayerNorm.weight]Loading weights:  64%|██████▍   | 67/105 [00:00<00:00, 1357.98it/s, Materializing param=bert.encoder.layer.3.output.LayerNorm.weight]Loading weights:  65%|██████▍   | 68/105 [00:00<00:00, 1373.41it/s, Materializing param=bert.encoder.layer.3.output.dense.bias]      Loading weights:  65%|██████▍   | 68/105 [00:00<00:00, 1371.00it/s, Materializing param=bert.encoder.layer.3.output.dense.bias]Loading weights:  66%|██████▌   | 69/105 [00:00<00:00, 1386.60it/s, Materializing param=bert.encoder.layer.3.output.dense.weight]Loading weights:  66%|██████▌   | 69/105 [00:00<00:00, 1384.29it/s, Materializing param=bert.encoder.layer.3.output.dense.weight]Loading weights:  67%|██████▋   | 70/105 [00:00<00:00, 1399.89it/s, Materializing param=bert.encoder.layer.4.attention.output.LayerNorm.bias]Loading weights:  67%|██████▋   | 70/105 [00:00<00:00, 1397.48it/s, Materializing param=bert.encoder.layer.4.attention.output.LayerNorm.bias]Loading weights:  68%|██████▊   | 71/105 [00:00<00:00, 1412.32it/s, Materializing param=bert.encoder.layer.4.attention.output.LayerNorm.weight]Loading weights:  68%|██████▊   | 71/105 [00:00<00:00, 1409.93it/s, Materializing param=bert.encoder.layer.4.attention.output.LayerNorm.weight]Loading weights:  69%|██████▊   | 72/105 [00:00<00:00, 1425.09it/s, Materializing param=bert.encoder.layer.4.attention.output.dense.bias]      Loading weights:  69%|██████▊   | 72/105 [00:00<00:00, 1422.62it/s, Materializing param=bert.encoder.layer.4.attention.output.dense.bias]Loading weights:  70%|██████▉   | 73/105 [00:00<00:00, 1437.06it/s, Materializing param=bert.encoder.layer.4.attention.output.dense.weight]Loading weights:  70%|██████▉   | 73/105 [00:00<00:00, 1434.60it/s, Materializing param=bert.encoder.layer.4.attention.output.dense.weight]Loading weights:  70%|███████   | 74/105 [00:00<00:00, 1449.59it/s, Materializing param=bert.encoder.layer.4.attention.self.key.bias]      Loading weights:  70%|███████   | 74/105 [00:00<00:00, 1447.23it/s, Materializing param=bert.encoder.layer.4.attention.self.key.bias]Loading weights:  71%|███████▏  | 75/105 [00:00<00:00, 1462.10it/s, Materializing param=bert.encoder.layer.4.attention.self.key.weight]Loading weights:  71%|███████▏  | 75/105 [00:00<00:00, 1459.76it/s, Materializing param=bert.encoder.layer.4.attention.self.key.weight]Loading weights:  72%|███████▏  | 76/105 [00:00<00:00, 1474.69it/s, Materializing param=bert.encoder.layer.4.attention.self.query.bias]Loading weights:  72%|███████▏  | 76/105 [00:00<00:00, 1470.36it/s, Materializing param=bert.encoder.layer.4.attention.self.query.bias]Loading weights:  73%|███████▎  | 77/105 [00:00<00:00, 1482.42it/s, Materializing param=bert.encoder.layer.4.attention.self.query.weight]Loading weights:  73%|███████▎  | 77/105 [00:00<00:00, 1473.03it/s, Materializing param=bert.encoder.layer.4.attention.self.query.weight]Loading weights:  74%|███████▍  | 78/105 [00:00<00:00, 1482.35it/s, Materializing param=bert.encoder.layer.4.attention.self.value.bias]  Loading weights:  74%|███████▍  | 78/105 [00:00<00:00, 1479.17it/s, Materializing param=bert.encoder.layer.4.attention.self.value.bias]Loading weights:  75%|███████▌  | 79/105 [00:00<00:00, 1487.14it/s, Materializing param=bert.encoder.layer.4.attention.self.value.weight]Loading weights:  75%|███████▌  | 79/105 [00:00<00:00, 1482.79it/s, Materializing param=bert.encoder.layer.4.attention.self.value.weight]Loading weights:  76%|███████▌  | 80/105 [00:00<00:00, 1486.24it/s, Materializing param=bert.encoder.layer.4.intermediate.dense.bias]    Loading weights:  76%|███████▌  | 80/105 [00:00<00:00, 1482.52it/s, Materializing param=bert.encoder.layer.4.intermediate.dense.bias]Loading weights:  77%|███████▋  | 81/105 [00:00<00:00, 1491.66it/s, Materializing param=bert.encoder.layer.4.intermediate.dense.weight]Loading weights:  77%|███████▋  | 81/105 [00:00<00:00, 1487.32it/s, Materializing param=bert.encoder.layer.4.intermediate.dense.weight]Loading weights:  78%|███████▊  | 82/105 [00:00<00:00, 1495.34it/s, Materializing param=bert.encoder.layer.4.output.LayerNorm.bias]    Loading weights:  78%|███████▊  | 82/105 [00:00<00:00, 1489.66it/s, Materializing param=bert.encoder.layer.4.output.LayerNorm.bias]Loading weights:  79%|███████▉  | 83/105 [00:00<00:00, 1498.14it/s, Materializing param=bert.encoder.layer.4.output.LayerNorm.weight]Loading weights:  79%|███████▉  | 83/105 [00:00<00:00, 1495.01it/s, Materializing param=bert.encoder.layer.4.output.LayerNorm.weight]Loading weights:  80%|████████  | 84/105 [00:00<00:00, 1505.43it/s, Materializing param=bert.encoder.layer.4.output.dense.bias]      Loading weights:  80%|████████  | 84/105 [00:00<00:00, 1502.84it/s, Materializing param=bert.encoder.layer.4.output.dense.bias]Loading weights:  81%|████████  | 85/105 [00:00<00:00, 1513.51it/s, Materializing param=bert.encoder.layer.4.output.dense.weight]Loading weights:  81%|████████  | 85/105 [00:00<00:00, 1510.36it/s, Materializing param=bert.encoder.layer.4.output.dense.weight]Loading weights:  82%|████████▏ | 86/105 [00:00<00:00, 1519.94it/s, Materializing param=bert.encoder.layer.5.attention.output.LayerNorm.bias]Loading weights:  82%|████████▏ | 86/105 [00:00<00:00, 1515.21it/s, Materializing param=bert.encoder.layer.5.attention.output.LayerNorm.bias]Loading weights:  83%|████████▎ | 87/105 [00:00<00:00, 1521.75it/s, Materializing param=bert.encoder.layer.5.attention.output.LayerNorm.weight]Loading weights:  83%|████████▎ | 87/105 [00:00<00:00, 1518.32it/s, Materializing param=bert.encoder.layer.5.attention.output.LayerNorm.weight]Loading weights:  84%|████████▍ | 88/105 [00:00<00:00, 1525.15it/s, Materializing param=bert.encoder.layer.5.attention.output.dense.bias]      Loading weights:  84%|████████▍ | 88/105 [00:00<00:00, 1521.57it/s, Materializing param=bert.encoder.layer.5.attention.output.dense.bias]Loading weights:  85%|████████▍ | 89/105 [00:00<00:00, 1527.90it/s, Materializing param=bert.encoder.layer.5.attention.output.dense.weight]Loading weights:  85%|████████▍ | 89/105 [00:00<00:00, 1518.53it/s, Materializing param=bert.encoder.layer.5.attention.output.dense.weight]Loading weights:  86%|████████▌ | 90/105 [00:00<00:00, 1525.53it/s, Materializing param=bert.encoder.layer.5.attention.self.key.bias]      Loading weights:  86%|████████▌ | 90/105 [00:00<00:00, 1522.43it/s, Materializing param=bert.encoder.layer.5.attention.self.key.bias]Loading weights:  87%|████████▋ | 91/105 [00:00<00:00, 1534.13it/s, Materializing param=bert.encoder.layer.5.attention.self.key.weight]Loading weights:  87%|████████▋ | 91/105 [00:00<00:00, 1531.83it/s, Materializing param=bert.encoder.layer.5.attention.self.key.weight]Loading weights:  88%|████████▊ | 92/105 [00:00<00:00, 1544.27it/s, Materializing param=bert.encoder.layer.5.attention.self.query.bias]Loading weights:  88%|████████▊ | 92/105 [00:00<00:00, 1540.31it/s, Materializing param=bert.encoder.layer.5.attention.self.query.bias]Loading weights:  89%|████████▊ | 93/105 [00:00<00:00, 1550.46it/s, Materializing param=bert.encoder.layer.5.attention.self.query.weight]Loading weights:  89%|████████▊ | 93/105 [00:00<00:00, 1544.98it/s, Materializing param=bert.encoder.layer.5.attention.self.query.weight]Loading weights:  90%|████████▉ | 94/105 [00:00<00:00, 1516.33it/s, Materializing param=bert.encoder.layer.5.attention.self.value.bias]  Loading weights:  90%|████████▉ | 94/105 [00:00<00:00, 1509.77it/s, Materializing param=bert.encoder.layer.5.attention.self.value.bias]Loading weights:  90%|█████████ | 95/105 [00:00<00:00, 1495.68it/s, Materializing param=bert.encoder.layer.5.attention.self.value.weight]Loading weights:  90%|█████████ | 95/105 [00:00<00:00, 1489.35it/s, Materializing param=bert.encoder.layer.5.attention.self.value.weight]Loading weights:  91%|█████████▏| 96/105 [00:00<00:00, 1495.42it/s, Materializing param=bert.encoder.layer.5.intermediate.dense.bias]    Loading weights:  91%|█████████▏| 96/105 [00:00<00:00, 1491.68it/s, Materializing param=bert.encoder.layer.5.intermediate.dense.bias]Loading weights:  92%|█████████▏| 97/105 [00:00<00:00, 1497.00it/s, Materializing param=bert.encoder.layer.5.intermediate.dense.weight]Loading weights:  92%|█████████▏| 97/105 [00:00<00:00, 1493.69it/s, Materializing param=bert.encoder.layer.5.intermediate.dense.weight]Loading weights:  93%|█████████▎| 98/105 [00:00<00:00, 1502.44it/s, Materializing param=bert.encoder.layer.5.output.LayerNorm.bias]    Loading weights:  93%|█████████▎| 98/105 [00:00<00:00, 1499.91it/s, Materializing param=bert.encoder.layer.5.output.LayerNorm.bias]Loading weights:  94%|█████████▍| 99/105 [00:00<00:00, 1509.58it/s, Materializing param=bert.encoder.layer.5.output.LayerNorm.weight]Loading weights:  94%|█████████▍| 99/105 [00:00<00:00, 1507.21it/s, Materializing param=bert.encoder.layer.5.output.LayerNorm.weight]Loading weights:  95%|█████████▌| 100/105 [00:00<00:00, 1518.12it/s, Materializing param=bert.encoder.layer.5.output.dense.bias]     Loading weights:  95%|█████████▌| 100/105 [00:00<00:00, 1514.10it/s, Materializing param=bert.encoder.layer.5.output.dense.bias]Loading weights:  96%|█████████▌| 101/105 [00:00<00:00, 1522.78it/s, Materializing param=bert.encoder.layer.5.output.dense.weight]Loading weights:  96%|█████████▌| 101/105 [00:00<00:00, 1520.12it/s, Materializing param=bert.encoder.layer.5.output.dense.weight]Loading weights:  97%|█████████▋| 102/105 [00:00<00:00, 1530.86it/s, Materializing param=bert.pooler.dense.bias]                  Loading weights:  97%|█████████▋| 102/105 [00:00<00:00, 1528.80it/s, Materializing param=bert.pooler.dense.bias]Loading weights:  98%|█████████▊| 103/105 [00:00<00:00, 1539.86it/s, Materializing param=bert.pooler.dense.weight]Loading weights:  98%|█████████▊| 103/105 [00:00<00:00, 1537.98it/s, Materializing param=bert.pooler.dense.weight]Loading weights:  99%|█████████▉| 104/105 [00:00<00:00, 1549.51it/s, Materializing param=classifier.bias]         Loading weights:  99%|█████████▉| 104/105 [00:00<00:00, 1547.62it/s, Materializing param=classifier.bias]Loading weights: 100%|██████████| 105/105 [00:00<00:00, 1557.75it/s, Materializing param=classifier.weight]Loading weights: 100%|██████████| 105/105 [00:00<00:00, 1552.66it/s, Materializing param=classifier.weight]Loading weights: 100%|██████████| 105/105 [00:00<00:00, 1544.14it/s, Materializing param=classifier.weight]
BertForSequenceClassification LOAD REPORT from: cross-encoder/ms-marco-MiniLM-L-6-v2
Key                          | Status     |  | 
-----------------------------+------------+--+-
bert.embeddings.position_ids | UNEXPECTED |  | 

Notes:
- UNEXPECTED	:can be ignored when loading from different task/architecture; not ok if you expect identical arch.
[Patient Matching] After deduplication: 10 chunks
[Patient Matching] #1 Raw score: 2.32 - Elective versus Therapeutic Neck Dissection in Nod...
[Patient Matching] #2 Raw score: 1.52 - PET-CT Surveillance versus Neck Dissection in Adva...
[Patient Matching] #3 Raw score: 1.15 - Final Results of Local-Regional Control and Late T...
[Patient Matching] #4 Raw score: 0.81 - Prospective Phase II Open-Label Randomized Control...
[Patient Matching] #5 Raw score: -0.00 - LATE TOXICITY RESULTS OF THE GORTEC 94-01 RANDOMIZ...
[Patient Matching] Validation result: 1: NO_MATCH, 2: NO_MATCH, 3: NO_MATCH, 4: MATCH, 5: NO_MATCH, 6: NO_MATCH, 7: NO_MATCH, 8: NO_MATCH, 9: NO_MATCH, 10: NO_MATCH
[Patient Matching] Filtered out: Elective versus Therapeutic Neck Dissection in Nod
[Patient Matching] Filtered out: PET-CT Surveillance versus Neck Dissection in Adva
[Patient Matching] Filtered out: Final Results of Local-Regional Control and Late T
[Patient Matching] Filtered out: LATE TOXICITY RESULTS OF THE GORTEC 94-01 RANDOMIZ
[Patient Matching] Filtered out: Multi-institutional Trial of Accelerated Hypofract
[Patient Matching] Filtered out: Induction chemotherapy followed by concurrent chem
[Patient Matching] Filtered out: Long-Term Results of RTOG 91-11: A Comparison of T
[Patient Matching] Filtered out: Concomitant chemoradiotherapy versus acceleration 
[Patient Matching] Filtered out: Radiotherapy plus Cetuximab for SquamousCell Carci
[Patient Matching] After validation: 1 chunks (filtered 9 from top 10)

Results:
  Total matches: 1
  Patient summary: 80-year-old male with Squamous Cell Carcinoma of oral tongue (stage recurrent)

  Top 1 matches:
    1. [34%] Prospective Phase II Open-Label Randomized Controlled Trial ... (2021)

================================================================================
TEST SUMMARY
================================================================================
  [PASS] Oral Tongue SCC - Recurrent, ICI Progression: 1 matches

Total: 1/1 tests passed
[Main] Test completed with success=True
