============================================================
Testing eligibility service with breast cancer patient
============================================================
Patient: 55 year-old female who underwent breast-conserving surgery 
    for a pT1cN1mi cM0 ER+ HER2- breast cancer and 21 gene recurrence score of 22

[Eligibility] Starting eligibility check for patient...
✅ Enhanced RAG Service initialized successfully
   Qdrant URL: https://ffbfc406-406a-4f3a-a0e4-8e3fa754d378.us-east4-0.gcp.cloud.qdrant.io
   Collection: exueed_kb_latest
   Cross-encoder enabled: True
   Bidirectional query expansion: ENABLED
[Eligibility] Site inference scores: {'Breast': 2}
[Eligibility] Auto-inferred category: Breast -> breast_processed_documents
[Eligibility] Step 1: Finding candidate studies...
[Eligibility] Expanded query: Find clinical trials for: 55 year-old female who underwent breast-conserving surgery 
    for a pT1cN1mi cM0 ER+ HER2- breast cancer and 21 gene recur...
[Eligibility] Found 500 chunks from Qdrant
[Eligibility] Found 77 unique studies to evaluate
[Eligibility] Step 2: Evaluating studies for eligibility (need 2 'yes' matches)...
[Eligibility] Checking: POSTMASTECTOMY RADIATION IMPROVES THE OUTCOME OF P...
[Eligibility] Strategy 1 (exact doc_id): 50 hits
[Eligibility] Study Q&A response for POSTMASTECTOMY RADIATION IMPRO: No, this patient does not match the patients enrolled in this study. The study focused on patients w...
[Eligibility] Checking: POSTMASTECTOMY RADIATION IMPROVES THE OUTCOME OF P...
[Eligibility] Strategy 1 (exact doc_id): 50 hits
[Eligibility] Study Q&A response for POSTMASTECTOMY RADIATION IMPRO: Based on the study information provided, the 55-year-old female patient does not match the patients ...
[Eligibility] Checking: Hypofractionated versus conventional fractionated ...
[Eligibility] Strategy 1 (exact doc_id): 50 hits
[Eligibility] Study Q&A response for Hypofractionated versus conven: Based on the study information provided, the patient described does not match the eligibility criter...
[Eligibility] NO match: POSTMASTECTOMY RADIATION IMPROVES THE OU...
[Eligibility] NO match: POSTMASTECTOMY RADIATION IMPROVES THE OU...
[Eligibility] NO match: Hypofractionated versus conventional fra...
[Eligibility] Checking: Effect of Peritumoral Infiltration of Local Anesth...
[Eligibility] Strategy 1 (exact doc_id): 50 hits
[Eligibility] Study Q&A response for Effect of Peritumoral Infiltra: Based on the study information provided, the patient described matches the general criteria for enro...
[Eligibility] Checking: Regional Nodal Irradiation in Early-Stage Breast C...
[Eligibility] Strategy 1 (exact doc_id): 50 hits
[Eligibility] Study Q&A response for Regional Nodal Irradiation in : Based on the study information provided, the patient described does match the eligibility criteria f...
[Eligibility] Checking: Trastuzumab Plus Adjuvant Chemotherapy for Human E...
[Eligibility] Strategy 1 (exact doc_id): 50 hits
[Eligibility] Study Q&A response for Trastuzumab Plus Adjuvant Chem: Based on the study information provided, the patient described does not match the eligibility criter...
[Eligibility] NO match: Effect of Peritumoral Infiltration of Lo...
[Eligibility] YES match: Regional Nodal Irradiation in Early-Stag...
[Eligibility] NO match: Trastuzumab Plus Adjuvant Chemotherapy f...
[Eligibility] Checking: Ten-Year Survival Results of a Randomized Trial of...
[Eligibility] Strategy 1 (exact doc_id): 50 hits
[Eligibility] Study Q&A response for Ten-Year Survival Results of a: Based on the study information provided, the patient described does not match the inclusion criteria...
[Eligibility] Checking: Fulvestrant 500 mg versus anastrozole 1 mg for hor...
[Eligibility] Strategy 1 (exact doc_id): 50 hits
[Eligibility] Study Q&A response for Fulvestrant 500 mg versus anas: Based on the study information provided, the patient in question partially matches the criteria for ...
[Eligibility] Checking: LOCOREGIONAL TREATMENT OUTCOMES AFTER MULTIMODALIT...
[Eligibility] Strategy 1 (exact doc_id): 50 hits
[Eligibility] Study Q&A response for LOCOREGIONAL TREATMENT OUTCOME: The study focuses on patients with inflammatory breast cancer (IBC) who underwent multimodality mana...
[Eligibility] NO match: Ten-Year Survival Results of a Randomize...
[Eligibility] PARTIAL match: Fulvestrant 500 mg versus anastrozole 1 ...
[Eligibility] NO match: LOCOREGIONAL TREATMENT OUTCOMES AFTER MU...
[Eligibility] Checking: Are There Patients with T1-T2, Node-Negative Breas...
[Eligibility] Strategy 1 (exact doc_id): 50 hits
[Eligibility] Study Q&A response for Are There Patients with T1-T2,: No, this patient does not match the patients enrolled in this study. The study specifically focuses ...
[Eligibility] Checking: Statement of the Science Concerning Locoregional T...
[Eligibility] Strategy 1 (exact doc_id): 48 hits
[Eligibility] Study Q&A response for Statement of the Science Conce: The study information provided does not include specific details about the enrollment criteria regar...
[Eligibility] Checking: Effects of chemotherapy and hormonal therapy for e...
[Eligibility] Strategy 1 (exact doc_id): 50 hits
[Eligibility] Study Q&A response for Effects of chemotherapy and ho: The study information provided does not include specific details about the inclusion criteria for pa...
[Eligibility] NO match: Are There Patients with T1-T2, Node-Nega...
[Eligibility] PARTIAL match: Statement of the Science Concerning Loco...
[Eligibility] PARTIAL match: Effects of chemotherapy and hormonal the...
[Eligibility] Checking: 20-Year Risks of Breast-Cancer Recurrence after St...
[Eligibility] Strategy 1 (exact doc_id): 50 hits
[Eligibility] Study Q&A response for 20-Year Risks of Breast-Cancer: Based on the study information provided, the patient partially matches the characteristics of those ...
[Eligibility] Checking: Hypofractionated breast radiotherapy for 1 week ve...
[Eligibility] Strategy 1 (exact doc_id): 50 hits
[Eligibility] Study Q&A response for Hypofractionated breast radiot: Based on the study information provided, the patient described matches the eligibility criteria for ...
[Eligibility] Checking: Validation and Modification of a Prediction Model ...
[Eligibility] Strategy 1 (exact doc_id): 50 hits
[Eligibility] Study Q&A response for Validation and Modification of: Based on the study information provided, the patient described matches the general criteria for pati...
[Eligibility] PARTIAL match: 20-Year Risks of Breast-Cancer Recurrenc...
[Eligibility] NO match: Hypofractionated breast radiotherapy for...
[Eligibility] PARTIAL match: Validation and Modification of a Predict...
[Eligibility] Checking: Locoregional treatment versus no treatment of the ...
[Eligibility] Strategy 1 (exact doc_id): 50 hits
[Eligibility] Study Q&A response for Locoregional treatment versus : Based on the study information provided, the patient described does not match the patients enrolled ...
[Eligibility] Checking: Increased Risk of Locoregional Recurrence for Wome...
[Eligibility] Strategy 1 (exact doc_id): 50 hits
[Eligibility] Study Q&A response for Increased Risk of Locoregional: No, the patient described does not match the patients enrolled in this study. The study specifically...
[Eligibility] Checking: Internal Mammary and Medial Supraclavicular Irradi...
[Eligibility] Strategy 1 (exact doc_id): 50 hits
[Eligibility] Study Q&A response for Internal Mammary and Medial Su: Based on the study information provided, the patient described matches the eligibility criteria for ...
[Eligibility] NO match: Locoregional treatment versus no treatme...
[Eligibility] NO match: Increased Risk of Locoregional Recurrenc...
[Eligibility] PARTIAL match: Internal Mammary and Medial Supraclavicu...
[Eligibility] Checking: Effectiveness of Breast-Conserving Surgery and 3-D...
[Eligibility] Strategy 1 (exact doc_id): 50 hits
[Eligibility] Study Q&A response for Effectiveness of Breast-Conser: Based on the study information provided, the eligibility criteria for patients enrolled in the study...
[Eligibility] Checking: Radiotherapy or surgery of the axilla after a posi...
[Eligibility] Strategy 1 (exact doc_id): 50 hits
[Eligibility] Study Q&A response for Radiotherapy or surgery of the: Based on the study information provided, the patient described partially matches the criteria for pa...
[Eligibility] Checking: Adjuvant Chemotherapy Guided by a 21-Gene Expressi...
[Eligibility] Strategy 1 (exact doc_id): 50 hits
[Eligibility] Study Q&A response for Adjuvant Chemotherapy Guided b: Based on the study information provided, the patient partially matches the criteria for the study bu...
[Eligibility] NO match: Effectiveness of Breast-Conserving Surge...
[Eligibility] PARTIAL match: Radiotherapy or surgery of the axilla af...
[Eligibility] PARTIAL match: Adjuvant Chemotherapy Guided by a 21-Gen...
[Eligibility] Checking: Adjuvant Chemotherapy Guided by a 21-Gene Expressi...
[Eligibility] Strategy 1 (exact doc_id): 50 hits
[Eligibility] Study Q&A response for Adjuvant Chemotherapy Guided b: The patient described partially matches the characteristics of the patients enrolled in the study. T...
[Eligibility] Checking: Regional Nodal Irradiation in Early-Stage Breast C...
[Eligibility] Strategy 1 (exact doc_id): 50 hits
[Eligibility] Study Q&A response for Regional Nodal Irradiation in : Based on the study information provided, the patient described partially matches the criteria for pa...
[Eligibility] Checking: Postoperative radiotherapy with intensity-modulate...
[Eligibility] Strategy 1 (exact doc_id): 50 hits
[Eligibility] Study Q&A response for Postoperative radiotherapy wit: Based on the study information provided, the eligibility criteria for the trial included women aged ...
[Eligibility] PARTIAL match: Adjuvant Chemotherapy Guided by a 21-Gen...
[Eligibility] PARTIAL match: Regional Nodal Irradiation in Early-Stag...
[Eligibility] NO match: Postoperative radiotherapy with intensit...
[Eligibility] Checking: Long-term outcomes for neoadjuvant versus adjuvant...
[Eligibility] Strategy 1 (exact doc_id): 50 hits
[Eligibility] Study Q&A response for Long-term outcomes for neoadju: The study information provided does not include specific details about the inclusion criteria regard...
[Eligibility] Checking: Locoregional Radiation Therapy in Patients With Hi...
[Eligibility] Strategy 1 (exact doc_id): 50 hits
[Eligibility] Study Q&A response for Locoregional Radiation Therapy: Based on the study information provided, the patient does not match the patients enrolled in this st...
[Eligibility] Checking: Author manuscript...
[Eligibility] Strategy 1 (exact doc_id): 50 hits
[Eligibility] Study Q&A response for Author manuscript: Based on the study information provided, the patient characteristics align with those of the study p...
[Eligibility] PARTIAL match: Long-term outcomes for neoadjuvant versu...
[Eligibility] NO match: Locoregional Radiation Therapy in Patien...
[Eligibility] PARTIAL match: Author manuscript...
[Eligibility] Checking: Abemaciclib Combined With Endocrine Therapy for th...
[Eligibility] Strategy 1 (exact doc_id): 50 hits
[Eligibility] Study Q&A response for Abemaciclib Combined With Endo: Based on the study information provided, the patient described does not match the eligibility criter...
[Eligibility] Checking: Long-Term Outcomes of Invasive Ipsilateral Breast ...
[Eligibility] Strategy 1 (exact doc_id): 50 hits
[Eligibility] Study Q&A response for Long-Term Outcomes of Invasive: The study information provided pertains to patients with ductal carcinoma in situ (DCIS) who were en...
[Eligibility] Checking: Society of Surgical Oncology-American Society for ...
[Eligibility] Strategy 1 (exact doc_id): 50 hits
[Eligibility] Study Q&A response for Society of Surgical Oncology-A: The study focuses on patients with early-stage invasive breast cancer, specifically clinical or path...
[Eligibility] NO match: Abemaciclib Combined With Endocrine Ther...
[Eligibility] NO match: Long-Term Outcomes of Invasive Ipsilater...
[Eligibility] YES match: Society of Surgical Oncology-American So...
[Eligibility] Found 2 'yes' matches and 12 partial, stopping search
[Eligibility] Results: 2 yes, 12 partial, 16 no (evaluated 30)

============================================================
RESULTS
============================================================
Total evaluated: 30
Yes matches: 2
Partial matches: 12

1. [YES] Regional Nodal Irradiation in Early-Stage Breast Cancer...
   Reasoning: Based on the study information provided, the patient described does match the eligibility criteria f...

2. [YES] Society of Surgical Oncology-American Society for Radiation ...
   Reasoning: The study focuses on patients with early-stage invasive breast cancer, specifically clinical or path...

3. [PARTIAL] Fulvestrant 500 mg versus anastrozole 1 mg for hormone recep...
   Reasoning: Based on the study information provided, the patient in question partially matches the criteria for ...

4. [PARTIAL] Statement of the Science Concerning Locoregional Treatments ...
   Reasoning: The study information provided does not include specific details about the enrollment criteria regar...

5. [PARTIAL] Effects of chemotherapy and hormonal therapy for early breas...
   Reasoning: The study information provided does not include specific details about the inclusion criteria for pa...

6. [PARTIAL] 20-Year Risks of Breast-Cancer Recurrence after Stopping End...
   Reasoning: Based on the study information provided, the patient partially matches the characteristics of those ...

7. [PARTIAL] Validation and Modification of a Prediction Model for Acute ...
   Reasoning: Based on the study information provided, the patient described matches the general criteria for pati...

8. [PARTIAL] Internal Mammary and Medial Supraclavicular Irradiation in B...
   Reasoning: Based on the study information provided, the patient described matches the eligibility criteria for ...

9. [PARTIAL] Radiotherapy or surgery of the axilla after a positive senti...
   Reasoning: Based on the study information provided, the patient described partially matches the criteria for pa...

10. [PARTIAL] Adjuvant Chemotherapy Guided by a 21-Gene Expression Assay i...
   Reasoning: Based on the study information provided, the patient partially matches the criteria for the study bu...

